BLASTP 2.2.26+


Reference: Stephen F. Altschul, Thomas L. Madden, Alejandro A.
Schaffer, Jinghui Zhang, Zheng Zhang, Webb Miller, and David J.
Lipman (1997), "Gapped BLAST and PSI-BLAST: a new generation of
protein database search programs", Nucleic Acids Res. 25:3389-3402.



Reference for composition-based statistics: Alejandro A. Schaffer,
L. Aravind, Thomas L. Madden, Sergei Shavirin, John L. Spouge, Yuri
I. Wolf, Eugene V. Koonin, and Stephen F. Altschul (2001),
"Improving the accuracy of PSI-BLAST protein database searches with
composition-based statistics and other refinements", Nucleic Acids
Res. 29:2994-3005.



Database: ..\..\fasta\proteins.fasta
           9 sequences; 5,298 total letters

Error: NCBI C++ Exception:
    "..\..\..\..\..\..\src\objtools\readers\fasta.cpp", line 599: Error: ncbi::objects::CFastaReader::CheckDataLine() - CFastaReader: Input not marked as defline or comment, but contains too many special characters to be plausible data around line 1 (m_Pos = 1)

