NGS_SNP.e99.2011	100	50	0
NGS_SNP.h103.30021	100	25	1
