99	2011	2	100.00	0	73	0	3	100.00	0	73	0
102	4334	3	75.00	0	84	0	1	75.00	0	84	0
104	3002	3	75.00	0	78	0	4	75.00	0	78	0
