80	896	3	76	0	0	0	0	10000	0	0
86	13441	1	80	0	2	80	0	7500	2500	0
99	2011	3	73	0	0	0	0	10000	0	0
100	23	3	76	0	4	77	0	4000	4000	1
102	4334	1	84	0	1	84	0	7500	2500	0
103	7	2	69	0	0	0	0	10000	0	0
103	30021	2	69	0	1	67	0	7500	2500	0
104	3002	4	78	0	2	78	0	7500	2500	0
105	4002	3	78	0	2	78	0	7500	2500	0
201	54	3	73	0	0	0	0	10000	0	0
302	91	4	81	0	0	0	0	10000	0	0
404	92	2	68	0	0	0	0	10000	0	0
405	92	2	68	0	0	0	0	10000	0	0
406	92	2	68	0	0	0	0	10000	0	0

