80	896	3	12	0	0	0	0	10000	0	0
86	13441	1	16	0	2	16	0	7500	2500	0
88	150	1	12	0	0	0	0	10000	0	0
90	876	2	3	0	0	0	0	10000	0	0
99	2011	2	9	0	0	0	0	10000	0	0
100	23	3	12	0	4	13	0	4000	4000	1
102	4334	3	20	0	1	20	0	7500	2500	0
103	7	2	5	0	0	0	0	10000	0	0
103	30021	2	5	0	1	3	0	7500	2500	0
104	3002	3	14	0	2	14	0	7500	2500	0
201	54	3	9	0	0	0	0	10000	0	0
302	91	4	17	0	0	0	0	10000	0	0
403	92	2	4	0	0	0	0	10000	0	0
