86	13441	2	16	2
100	23	3	12	1
100	23	3	12	2
102	4334	1	20	2
103	7	0	0	1
103	7	0	0	2
103	30021	1	3	1
104	3002	2	14	2
