80	896	100	25	1
86	13441	100	50	0
99	2011	100	50	1
100	23	100	20	0
102	4334	100	50	1
103	30021	100	25	0
104	3002	100	50	0
