c80-896	0	1	1
c86-13441	0	2	0
c99-2011	0	2	1
c102-4334	0	2	1
c103-30021	0	1	0
c104-3002	0	2	0
